// Jest Snapshot v1, https://goo.gl/fbAQLP

exports[`ProgressBar should render the component 1`] = `
.c0 {
  width: 100%;
  height: 3px;
  background: #66686e;
}

.c1 {
  width: 20%;
  height: 100%;
  background: #00c29a;
  -webkit-transition: width 300ms ease-in-out;
  transition: width 300ms ease-in-out;
}

<div
  className="c0"
>
  <div
    className="c1"
  />
</div>
`;
